EN div_115200 NULL /home/pin3da/Repos/shrinking_generator/div_115200.vhd sub00/vhpl22 1355844380
EN lfsr_127 NULL /home/pin3da/Repos/shrinking_generator/lfsr_127.vhd sub00/vhpl06 1355844366
EN lfsr_128 NULL /home/pin3da/Repos/shrinking_generator/lfsr_128.vhd sub00/vhpl04 1355844368
AR lfsr_127 arhc_lfsr_127 /home/pin3da/Repos/shrinking_generator/lfsr_127.vhd sub00/vhpl07 1355844367
AR lfsr arhc_lfsr /home/pin3da/Repos/shrinking_generator/lfsr.vhd sub00/vhpl01 1355459863
AR decode_ram arch_decode_ram /home/pin3da/Repos/shrinking_generator/decode_ram.vhd sub00/vhpl13 1355844379
AR lfsr_128 arhc_lfsr /home/pin3da/Repos/shrinking_generator/lfsr_128.vhd sub00/vhpl05 1355844369
EN encode_ram NULL /home/pin3da/Repos/shrinking_generator/Encode_ram.vhd sub00/vhpl10 1355844376
AR rx_tx_control arch_rx_tx_control /home/pin3da/Repos/shrinking_generator/rx_tx_control.vhd sub00/vhpl15 1355776092
EN rx_tx_control NULL /home/pin3da/Repos/shrinking_generator/rx_tx_control.vhd sub00/vhpl14 1355776091
AR shrinking_generator arch_shrinking_generator /home/pin3da/Repos/shrinking_generator/shrinking_generator.vhd sub00/vhpl25 1355844385
AR prng arch_prng /home/pin3da/Repos/shrinking_generator/Prng.vhd sub00/vhpl09 1355844387
AR control arch_control /home/pin3da/Repos/shrinking_generator/Control.vhd sub00/vhpl17 1355844383
AR div_115200 arch_11520 /home/pin3da/Repos/shrinking_generator/div_115200.vhd sub00/vhpl23 1355844381
AR modulotx arqmodulotx /home/pin3da/Repos/shrinking_generator/modulotx.vhd sub00/vhpl21 1355844375
AR encode_ram arch_en_ram /home/pin3da/Repos/shrinking_generator/Encode_ram.vhd sub00/vhpl11 1355844377
AR ram arch_ram /home/pin3da/Repos/shrinking_generator/ram.vhd sub00/vhpl03 1355844371
AR modulorx behavioral /home/pin3da/Repos/shrinking_generator/modulorx.vhd sub00/vhpl19 1355844373
EN shrinking_generator NULL /home/pin3da/Repos/shrinking_generator/shrinking_generator.vhd sub00/vhpl24 1355844384
EN prng NULL /home/pin3da/Repos/shrinking_generator/Prng.vhd sub00/vhpl08 1355844386
EN decode_ram NULL /home/pin3da/Repos/shrinking_generator/decode_ram.vhd sub00/vhpl12 1355844378
EN control NULL /home/pin3da/Repos/shrinking_generator/Control.vhd sub00/vhpl16 1355844382
EN lfsr NULL /home/pin3da/Repos/shrinking_generator/lfsr.vhd sub00/vhpl00 1355459862
EN modulorx NULL /home/pin3da/Repos/shrinking_generator/modulorx.vhd sub00/vhpl18 1355844372
EN modulotx NULL /home/pin3da/Repos/shrinking_generator/modulotx.vhd sub00/vhpl20 1355844374
EN ram NULL /home/pin3da/Repos/shrinking_generator/ram.vhd sub00/vhpl02 1355844370
