V3 6
FL /home/pin3da/Repos/shrinking_generator/lfsr.vhd 2012/12/13.23:37:20 P.28xd
EN work/lfsr 1355459862 FL /home/pin3da/Repos/shrinking_generator/lfsr.vhd \
      PB ieee/std_logic_1164 1341906176
AR work/lfsr/arhc_lfsr 1355459863 \
      FL /home/pin3da/Repos/shrinking_generator/lfsr.vhd EN work/lfsr 1355459862
FL /home/pin3da/Repos/shrinking_generator/ram.vhd 2012/12/05.23:20:34 P.28xd
EN work/ram 1354767715 FL /home/pin3da/Repos/shrinking_generator/ram.vhd \
      PB ieee/std_logic_1164 1341906176 PB ieee/STD_LOGIC_UNSIGNED 1341906179
AR work/ram/arch_ram 1354767716 \
      FL /home/pin3da/Repos/shrinking_generator/ram.vhd EN work/ram 1354767715
