V3 19
FL /home/pin3da/Repos/shrinking_generator/decode_ram.vhd 2012/12/14.02:44:14 P.28xd
EN work/decode_ram 1355471063 \
      FL /home/pin3da/Repos/shrinking_generator/decode_ram.vhd \
      PB ieee/std_logic_1164 1341906176
AR work/decode_ram/arch_decode_ram 1355471064 \
      FL /home/pin3da/Repos/shrinking_generator/decode_ram.vhd EN work/decode_ram 1355471063
FL /home/pin3da/Repos/shrinking_generator/Encode_ram.vhd 2012/12/14.02:14:09 P.28xd
EN work/Encode_ram 1355469259 \
      FL /home/pin3da/Repos/shrinking_generator/Encode_ram.vhd \
      PB ieee/std_logic_1164 1341906176
AR work/Encode_ram/arch_en_ram 1355469260 \
      FL /home/pin3da/Repos/shrinking_generator/Encode_ram.vhd EN work/Encode_ram 1355469259
FL /home/pin3da/Repos/shrinking_generator/lfsr.vhd 2012/12/13.23:37:20 P.28xd
FL /home/pin3da/Repos/shrinking_generator/lfsr_127.vhd 2012/12/14.00:21:50 P.28xd
EN work/lfsr_127 1355462540 \
      FL /home/pin3da/Repos/shrinking_generator/lfsr_127.vhd \
      PB ieee/std_logic_1164 1341906176
AR work/lfsr_127/arhc_lfsr_127 1355462541 \
      FL /home/pin3da/Repos/shrinking_generator/lfsr_127.vhd EN work/lfsr_127 1355462540
FL /home/pin3da/Repos/shrinking_generator/lfsr_128.vhd 2012/12/14.00:05:17 P.28xd
EN work/lfsr_128 1355461600 \
      FL /home/pin3da/Repos/shrinking_generator/lfsr_128.vhd \
      PB ieee/std_logic_1164 1341906176
AR work/lfsr_128/arhc_lfsr 1355461601 \
      FL /home/pin3da/Repos/shrinking_generator/lfsr_128.vhd EN work/lfsr_128 1355461600
FL /home/pin3da/Repos/shrinking_generator/Prng.vhd 2012/12/14.01:27:25 P.28xd
EN work/Prng 1355466468 FL /home/pin3da/Repos/shrinking_generator/Prng.vhd \
      PB ieee/std_logic_1164 1341906176
AR work/Prng/arch_prng 1355466469 \
      FL /home/pin3da/Repos/shrinking_generator/Prng.vhd EN work/Prng 1355466468
FL /home/pin3da/Repos/shrinking_generator/ram.vhd 2012/12/05.23:20:34 P.28xd
EN work/ram 1354767715 FL /home/pin3da/Repos/shrinking_generator/ram.vhd \
      PB ieee/std_logic_1164 1341906176 PB ieee/STD_LOGIC_UNSIGNED 1341906179
AR work/ram/arch_ram 1354767716 \
      FL /home/pin3da/Repos/shrinking_generator/ram.vhd EN work/ram 1354767715
