V3 47
FL /home/pin3da/Repos/shrinking_generator/Control.vhd 2012/12/17.20:32:23 P.28xd
EN work/Control 1355800369 FL /home/pin3da/Repos/shrinking_generator/Control.vhd \
      PB ieee/std_logic_1164 1341906176 PB ieee/NUMERIC_STD 1341906182 \
      PB ieee/std_logic_arith 1341906177 PB ieee/STD_LOGIC_UNSIGNED 1341906179
AR work/Control/arch_control 1355800370 \
      FL /home/pin3da/Repos/shrinking_generator/Control.vhd EN work/Control 1355800369
FL /home/pin3da/Repos/shrinking_generator/decode_ram.vhd 2012/12/14.02:44:14 P.28xd
EN work/decode_ram 1355800365 \
      FL /home/pin3da/Repos/shrinking_generator/decode_ram.vhd \
      PB ieee/std_logic_1164 1341906176
AR work/decode_ram/arch_decode_ram 1355800366 \
      FL /home/pin3da/Repos/shrinking_generator/decode_ram.vhd EN work/decode_ram 1355800365
FL /home/pin3da/Repos/shrinking_generator/div_115200.vhd 2012/12/17.18:31:45 P.28xd
EN work/div_115200 1355800367 \
      FL /home/pin3da/Repos/shrinking_generator/div_115200.vhd \
      PB ieee/std_logic_1164 1341906176
AR work/div_115200/arch_11520 1355800368 \
      FL /home/pin3da/Repos/shrinking_generator/div_115200.vhd EN work/div_115200 1355800367
FL /home/pin3da/Repos/shrinking_generator/Encode_ram.vhd 2012/12/17.21:29:32 P.28xd
EN work/Encode_ram 1355800363 \
      FL /home/pin3da/Repos/shrinking_generator/Encode_ram.vhd \
      PB ieee/std_logic_1164 1341906176
AR work/Encode_ram/arch_en_ram 1355800364 \
      FL /home/pin3da/Repos/shrinking_generator/Encode_ram.vhd EN work/Encode_ram 1355800363
FL /home/pin3da/Repos/shrinking_generator/lfsr.vhd 2012/12/13.23:37:20 P.28xd
FL /home/pin3da/Repos/shrinking_generator/lfsr_127.vhd 2012/12/17.22:08:54 P.28xd
EN work/lfsr_127 1355800353 \
      FL /home/pin3da/Repos/shrinking_generator/lfsr_127.vhd \
      PB ieee/std_logic_1164 1341906176
AR work/lfsr_127/arhc_lfsr_127 1355800354 \
      FL /home/pin3da/Repos/shrinking_generator/lfsr_127.vhd EN work/lfsr_127 1355800353
FL /home/pin3da/Repos/shrinking_generator/lfsr_128.vhd 2012/12/17.22:08:11 P.28xd
EN work/lfsr_128 1355800355 \
      FL /home/pin3da/Repos/shrinking_generator/lfsr_128.vhd \
      PB ieee/std_logic_1164 1341906176
AR work/lfsr_128/arhc_lfsr 1355800356 \
      FL /home/pin3da/Repos/shrinking_generator/lfsr_128.vhd EN work/lfsr_128 1355800355
FL /home/pin3da/Repos/shrinking_generator/modulorx.vhd 2012/12/17.21:51:08 P.28xd
EN work/modulorx 1355800359 \
      FL /home/pin3da/Repos/shrinking_generator/modulorx.vhd \
      PB ieee/std_logic_1164 1341906176
AR work/modulorx/Behavioral 1355800360 \
      FL /home/pin3da/Repos/shrinking_generator/modulorx.vhd EN work/modulorx 1355800359
FL /home/pin3da/Repos/shrinking_generator/modulotx.vhd 2012/12/14.00:39:04 P.28xd
EN work/modulotx 1355800361 \
      FL /home/pin3da/Repos/shrinking_generator/modulotx.vhd \
      PB ieee/std_logic_1164 1341906176
AR work/modulotx/arqModulotx 1355800362 \
      FL /home/pin3da/Repos/shrinking_generator/modulotx.vhd EN work/modulotx 1355800361
FL /home/pin3da/Repos/shrinking_generator/Prng.vhd 2012/12/17.22:09:31 P.28xd
EN work/Prng 1355800373 FL /home/pin3da/Repos/shrinking_generator/Prng.vhd \
      PB ieee/std_logic_1164 1341906176
AR work/Prng/arch_prng 1355800374 \
      FL /home/pin3da/Repos/shrinking_generator/Prng.vhd EN work/Prng 1355800373 \
      CP lfsr_127 CP lfsr_128 CP ram CP modulorx CP modulotx CP Encode_ram \
      CP decode_ram CP div_115200 CP Control CP shrinking_generator
FL /home/pin3da/Repos/shrinking_generator/ram.vhd 2012/12/17.21:57:10 P.28xd
EN work/ram 1355800357 FL /home/pin3da/Repos/shrinking_generator/ram.vhd \
      PB ieee/std_logic_1164 1341906176 PB ieee/STD_LOGIC_UNSIGNED 1341906179
AR work/ram/arch_ram 1355800358 \
      FL /home/pin3da/Repos/shrinking_generator/ram.vhd EN work/ram 1355800357
FL /home/pin3da/Repos/shrinking_generator/rx_tx_control.vhd 2012/12/17.15:27:41 P.28xd
EN work/rx_tx_control 1355776091 \
      FL /home/pin3da/Repos/shrinking_generator/rx_tx_control.vhd \
      PB ieee/std_logic_1164 1341906176
AR work/rx_tx_control/arch_rx_tx_control 1355776092 \
      FL /home/pin3da/Repos/shrinking_generator/rx_tx_control.vhd \
      EN work/rx_tx_control 1355776091
FL /home/pin3da/Repos/shrinking_generator/shrinking_generator.vhd 2012/12/17.22:11:13 P.28xd
EN work/shrinking_generator 1355800371 \
      FL /home/pin3da/Repos/shrinking_generator/shrinking_generator.vhd \
      PB ieee/std_logic_1164 1341906176
AR work/shrinking_generator/arch_shrinking_generator 1355800372 \
      FL /home/pin3da/Repos/shrinking_generator/shrinking_generator.vhd \
      EN work/shrinking_generator 1355800371
